// Jest Snapshot v1, https://goo.gl/fbAQLP

exports[`Header component should match snapshot 1`] = `
<header
  className="Header"
>
  CK2 save to stats
</header>
`;
